[iniaryapratama.wixsite.com/unusual-snail-only/index.html]
[static.parastorage.com/unpkg/core-js-bundle@3.2.1/minified.js]
[static.parastorage.com/unpkg/focus-within-polyfill@5.0.9/dist/focus-within-polyfill.js]
[backblue.gif]
[fade.gif]
[index.html]
[polyfill.io/v3/polyfill.mind82c.js]
[iniaryapratama.wixsite.com/unusual-snail-only/decodeURIComponent(e]
[browser.sentry-cdn.com/6.13.3/bundle.min.js]
[iniaryapratama.wixsite.com/unusual-snail-only/robots.txt]
[iniaryapratama.wixsite.com/unusual-snail-only/sitemap.xml]
[iniaryapratama.wixsite.com/unusual-snail-only/feed.xml]
[static.parastorage.com/services/wix-thunderbolt/dist/bootstrap-features.36b8baa3.bundle.min.js]
[static.parastorage.com/services/wix-thunderbolt/dist/main.a588dbdf.bundle.min.js]
[static.parastorage.com/unpkg/lodash@4.17.21/lodash.min.js]
[static.parastorage.com/unpkg/react@16.13.1/umd/react.production.min.js]
[static.parastorage.com/services/tag-manager-client/1.427.0/siteTags.bundle.min.js]
[static.parastorage.com/services/wix-perf-measure/1.641.0/wix-perf-measure.bundle.min.js]
[static.parastorage.com/unpkg/react-dom@16.13.1/umd/react-dom.production.min.js]
[iniaryapratama.wixsite.com/unusual-snail-only/version/index.html]
[iniaryapratama.wixsite.com/unusual-snail-only/5b26625f.min.css]
[iniaryapratama.wixsite.com/unusual-snail-only/fbce49db.min.css]
[iniaryapratama.wixsite.com/unusual-snail-only/85465ce9.chunk.min.js]
[iniaryapratama.wixsite.com/unusual-snail-only/96688b77.chunk.min.js]
[iniaryapratama.wixsite.com/unusual-snail-only/rb_wixui.thunderbolt_bootstrap.3f472804.chunk.min.js]
[iniaryapratama.wixsite.com/unusual-snail-only/rb_wixui.thunderbolt_bootstrap-classic.89bdd4d4.chunk.min.css]
[iniaryapratama.wixsite.com/unusual-snail-only/rb_wixui.thunderbolt_bootstrap-classic.85465ce9.chunk.min.js]
[iniaryapratama.wixsite.com/unusual-snail-only/rb_wixui.thunderbolt_bootstrap-responsive.a66c1914.chunk.min.css]
[iniaryapratama.wixsite.com/unusual-snail-only/rb_wixui.thunderbolt_bootstrap-responsive.96688b77.chunk.min.js]
[iniaryapratama.wixsite.com/unusual-snail-only/preview.html]
[iniaryapratama.wixsite.com/unusual-snail-only/roadmap.html]
[static.wixstatic.com/media/8a81aa_f89caedc6353496fa9d77e64f1992e34_mv2.png/v1/fill/w_129,h_97,al_c,usm_0.66_1.00_0.01,blur_2,enc_auto/logo.png]
[iniaryapratama.wixsite.com/unusual-snail-only/join-now.html]
[static.wixstatic.com/media/8a81aa_c664d6efc03248559cce1f983919d0dc_mv2.png/v1/fill/w_172,h_172,al_c,usm_0.66_1.00_0.01,blur_3,enc_auto/c.png]
[static.wixstatic.com/media/8a81aa_00d02abba931405492dc27382f461994_mv2.png/v1/fill/w_172,h_172,al_c,usm_0.66_1.00_0.01,blur_3,enc_auto/z.png]
[static.wixstatic.com/media/8a81aa_516a0457be714484acb9c70d5aab7d80_mv2.png/v1/fill/w_172,h_172,al_c,usm_0.66_1.00_0.01,blur_3,enc_auto/x.png]
[static.wixstatic.com/media/8a81aa_0f06594812724a57860bc373b74f5c06_mv2.png/v1/fill/w_172,h_172,al_c,usm_0.66_1.00_0.01,blur_3,enc_auto/v.png]
[iniaryapratama.wixsite.com/unusual-snail-only/index.html]
[static.wixstatic.com/media/8a81aa_895a8d74f6cd43f598f6391d9af6c578_mv2.png/v1/fill/w_177,h_119,al_c,usm_0.66_1.00_0.01,blur_3,enc_auto/download-export.png]
[iniaryapratama.wixsite.com/unusual-snail-only/decodeURIComponent(e.html]
[iniaryapratama.wixsite.com/unusual-snail-only/robots.html]
[iniaryapratama.wixsite.com/unusual-snail-only/feed.html]
[iniaryapratama.wixsite.com/unusual-snail-only/version/index.html]
[iniaryapratama.wixsite.com/unusual-snail-only/5b26625f.min.html]
[iniaryapratama.wixsite.com/unusual-snail-only/fbce49db.min.html]
[iniaryapratama.wixsite.com/unusual-snail-only/85465ce9.chunk.min.html]
[iniaryapratama.wixsite.com/unusual-snail-only/96688b77.chunk.min.html]
[iniaryapratama.wixsite.com/unusual-snail-only/rb_wixui.thunderbolt_bootstrap.3f472804.chunk.min.html]
[iniaryapratama.wixsite.com/unusual-snail-only/rb_wixui.thunderbolt_bootstrap-classic.89bdd4d4.chunk.min.html]
[iniaryapratama.wixsite.com/unusual-snail-only/rb_wixui.thunderbolt_bootstrap-classic.85465ce9.chunk.min.html]
[iniaryapratama.wixsite.com/unusual-snail-only/rb_wixui.thunderbolt_bootstrap-responsive.a66c1914.chunk.min.html]
[iniaryapratama.wixsite.com/unusual-snail-only/rb_wixui.thunderbolt_bootstrap-responsive.96688b77.chunk.min.html]
[static.wixstatic.com/media/8a81aa_c883bc81b11b498f8a880995271c3d54_mv2.png/v1/fill/w_200,h_200,al_c,usm_0.66_1.00_0.01,blur_3,enc_auto/e.png]
[static.wixstatic.com/media/8a81aa_7e79ced19fa048f5a9e23319e65f0c35_mv2.png/v1/fill/w_200,h_200,al_c,usm_0.66_1.00_0.01,blur_3,enc_auto/q.png]
[static.wixstatic.com/media/8a81aa_2408fe258be04f059e75dda3fa85a5d7_mv2.png/v1/fill/w_200,h_200,al_c,usm_0.66_1.00_0.01,blur_3,enc_auto/t.png]
[static.wixstatic.com/media/8a81aa_fabedc343613425f98ccc7edb4eb9f7c_mv2.png/v1/fill/w_200,h_200,al_c,usm_0.66_1.00_0.01,blur_3,enc_auto/y.png]
[static.wixstatic.com/media/8a81aa_86c73863889c46279ef1a4d20e0b499a_mv2.png/v1/fill/w_200,h_200,al_c,usm_0.66_1.00_0.01,blur_3,enc_auto/w.png]
[static.wixstatic.com/media/8a81aa_913c1494b9dc4903a9035382701fa76d_mv2.png/v1/fill/w_200,h_200,al_c,usm_0.66_1.00_0.01,blur_3,enc_auto/r.png]
[static.wixstatic.com/media/8a81aa_1870afdc632f4239a6dba44bd23b5b53_mv2.png/v1/fill/w_200,h_200,al_c,usm_0.66_1.00_0.01,blur_3,enc_auto/i.png]
[static.wixstatic.com/media/8a81aa_7bdc0f77e6e54fafa99282c2d27866da_mv2.png/v1/fill/w_200,h_200,al_c,usm_0.66_1.00_0.01,blur_3,enc_auto/u.png]
[iniaryapratama.wixsite.com/unusual-snail-only/preview.html]
[static.parastorage.com/services/wix-code-platform/1.1097.2/elementory-browser-support.min.js]
[static.wixstatic.com/media/8a81aa_a2c229db4d554c4f8a352675f2ecf9db_mv2.png/v1/fill/w_180,h_180,al_c,usm_0.66_1.00_0.01,blur_2,enc_auto/milestones.png]
[static.wixstatic.com/media/8a81aa_57feed81bed44e15b0e0f9449c97b890_mv2.png/v1/fill/w_203,h_68,al_c,usm_0.66_1.00_0.01,blur_2,enc_auto/Road.png]
[iniaryapratama.wixsite.com/unusual-snail-only/roadmap.html]
[static.wixstatic.com/media/8a81aa_895a8d74f6cd43f598f6391d9af6c578_mv2.png/v1/fill/w_95,h_64,al_c,usm_0.66_1.00_0.01,blur_2,enc_auto/download-export.png]
[iniaryapratama.wixsite.com/unusual-snail-only/join-now.html]
